-------------------------------------------------------------------------- 
                   Lithosphere and Mantle Evolution Model                   
     Compiled: Date: May  5 2022 - Time: 14:36:00 	    
-------------------------------------------------------------------------- 
        STAGGERED-GRID FINITE DIFFERENCE CANONICAL IMPLEMENTATION           
-------------------------------------------------------------------------- 
Parsing input file : Test.dat 
   Adding PETSc option: -snes_rtol 1e-8
   Adding PETSc option: -js_ksp_rtol 1e-3
   Adding PETSc option: -js_ksp_atol 1e-5
   Adding PETSc option: -js_ksp_max_it 20
Finished parsing input file : Test.dat 
--------------------------------------------------------------------------
Time stepping parameters:
   Simulation end time          : 1. [ ] 
   Maximum number of steps      : 2 
   Time step                    : 0.01 [ ] 
   Minimum time step            : 1e-05 [ ] 
   Maximum time step            : 0.1 [ ] 
   Time step increase factor    : 0.1 
   CFL criterion                : 0.5 
   CFLMAX (fixed time steps)    : 0.5 
   Output time step             : 0.2 [ ] 
   Output every [n] steps       : 1 
   Output [n] initial steps     : 1 
--------------------------------------------------------------------------
--------------------------------------------------------------------------
Material parameters: 
--------------------------------------------------------------------------
   Phase ID : 0   
   (dens)   : rho = 1. [ ]  
   (diff)   : eta = 1. [ ]  Bd = 0.5 [ ]  

   Phase ID : 1   
   (dens)   : rho = 5. [ ]  
   (diff)   : eta = 100. [ ]  Bd = 0.005 [ ]  

--------------------------------------------------------------------------
--------------------------------------------------------------------------
Grid parameters:
   Total number of cpu                  : 4 
   Processor grid  [nx, ny, nz]         : [1, 2, 2]
   Fine grid cells [nx, ny, nz]         : [32, 32, 32]
   Number of cells                      :  32768
   Number of faces                      :  101376
   Maximum cell aspect ratio            :  1.00000
   Lower coordinate bounds [bx, by, bz] : [-100., -100., -100.]
   Upper coordinate bounds [ex, ey, ez] : [100., 100., 100.]
--------------------------------------------------------------------------
Boundary condition parameters: 
   No-slip boundary mask [lt rt ft bk bm tp]  : 0 0 0 0 0 0 
--------------------------------------------------------------------------
Solution parameters & controls:
   Gravity [gx, gy, gz]                    : [0., 0., -1.] [ ] 
   Surface stabilization (FSSA)            :  1. 
   Use lithostatic pressure for creep      @ 
   Minimum viscosity                       : 0.001 [ ] 
   Maximum viscosity                       : 1e+12 [ ] 
   Max. melt fraction (viscosity, density) : 0.15    
   Rheology iteration number               : 25  
   Rheology iteration tolerance            : 1e-06    
   Ground water level type                 : none 
--------------------------------------------------------------------------
Advection parameters:
   Advection scheme              : Euler 1-st order (basic implementation)
   Periodic marker advection     : 0 0 0 
   Marker setup scheme           : volumes from polygons (geomIO)
   Velocity interpolation scheme : STAG (linear)
   Marker control type           : no marker control
   Markers per cell [nx, ny, nz] : [3, 3, 3] 
   Marker distribution type      : uniform
--------------------------------------------------------------------------
Loading polygons redundantly from file(s) <Polygons_Hollow.bin> ... done (0.145222 sec)
--------------------------------------------------------------------------
Output parameters:
   Output file name                        : Hollow 
   Write .pvd file                         : yes 
   Phase                                   @ 
   Total effective viscosity               @ 
   Creep effective viscosity               @ 
   Velocity                                @ 
   Pressure                                @ 
--------------------------------------------------------------------------
AVD output parameters:
   Write .pvd file       : yes 
   AVD refinement factor : 3 
--------------------------------------------------------------------------
Preconditioner parameters: 
   Matrix type                   : monolithic
   Preconditioner type           : coupled Galerkin geometric multigrid
   Global coarse grid [nx,ny,nz] : [8, 8, 8]
   Local coarse grid  [nx,ny,nz] : [8, 4, 4]
   Number of multigrid levels    :  3
--------------------------------------------------------------------------
Solver parameters specified: 
   Outermost Krylov solver       : gmres 
   Solver type                   : multigrid 
   Multigrid smoother levels KSP : richardson 
   Multigrid dampening parameter : 0.500000 
   Multigrid smoother levels PC  : jacobi 
   Number of smoothening steps   : 20 
   Coarse level KSP              : preonly 
   Coarse level PC               : redundant 
   Number of redundant solvers   : 1 
--------------------------------------------------------------------------
Saving output ... done (0.119267 sec)
--------------------------------------------------------------------------
================================= STEP 1 =================================
--------------------------------------------------------------------------
Current time        : 0.00000000 [ ] 
Tentative time step : 0.01000000 [ ] 
--------------------------------------------------------------------------
  0 SNES Function norm 3.232314796416e+02 
  0 PICARD ||F||/||F0||=1.000000e+00 
  Linear js_ solve converged due to CONVERGED_RTOL iterations 6
  1 SNES Function norm 4.857543696982e+01 
  1 PICARD ||F||/||F0||=1.502807e-01 
  Linear js_ solve converged due to CONVERGED_RTOL iterations 17
  2 SNES Function norm 1.371680299382e-01 
  2 MMFD   ||F||/||F0||=4.243647e-04 
  Linear js_ solve did not converge due to DIVERGED_ITS iterations 20
  3 SNES Function norm 1.108623910297e-03 
  3 MMFD   ||F||/||F0||=3.429814e-06 
  Linear js_ solve did not converge due to DIVERGED_ITS iterations 20
  4 SNES Function norm 1.156575317730e-05 
  4 MMFD   ||F||/||F0||=3.578164e-08 
  Linear js_ solve converged due to CONVERGED_ATOL iterations 4
  5 SNES Function norm 6.279428793852e-06 
  5 MMFD   ||F||/||F0||=1.942703e-08 
  Linear js_ solve converged due to CONVERGED_ATOL iterations 0
  6 SNES Function norm 6.279428793852e-06 
--------------------------------------------------------------------------
SNES Convergence Reason : Newton computed step size small; || delta x || < stol || x ||
Number of iterations    : 6
SNES solution time      : 3.81755 (sec)
--------------------------------------------------------------------------
Residual summary: 
   Continuity: 
      |Div|_inf = 2.708303433328e-06 
      |Div|_2   = 6.275860498805e-06 
   Momentum: 
      |mRes|_2  = 2.116624118750e-07 
--------------------------------------------------------------------------
Actual time step : 0.00555 [ ] 
--------------------------------------------------------------------------
Saving output ... done (0.119914 sec)
--------------------------------------------------------------------------
================================= STEP 2 =================================
--------------------------------------------------------------------------
Current time        : 0.00554549 [ ] 
Tentative time step : 0.00554549 [ ] 
--------------------------------------------------------------------------
  0 SNES Function norm 5.074794371980e+02 
  0 PICARD ||F||/||F0||=1.000000e+00 
  Linear js_ solve converged due to CONVERGED_RTOL iterations 13
  1 SNES Function norm 8.591043634105e-01 
  1 MMFD   ||F||/||F0||=1.692885e-03 
  Linear js_ solve did not converge due to DIVERGED_ITS iterations 20
  2 SNES Function norm 2.888078697635e-03 
  2 MMFD   ||F||/||F0||=5.691026e-06 
  Linear js_ solve did not converge due to DIVERGED_ITS iterations 20
  3 SNES Function norm 2.165875541504e-05 
  3 MMFD   ||F||/||F0||=4.267908e-08 
  Linear js_ solve converged due to CONVERGED_ATOL iterations 7
  4 SNES Function norm 5.316315284863e-06 
  4 MMFD   ||F||/||F0||=1.047592e-08 
  Linear js_ solve converged due to CONVERGED_ATOL iterations 0
  5 SNES Function norm 5.316315284863e-06 
--------------------------------------------------------------------------
SNES Convergence Reason : Newton computed step size small; || delta x || < stol || x ||
Number of iterations    : 5
SNES solution time      : 3.18298 (sec)
--------------------------------------------------------------------------
Residual summary: 
   Continuity: 
      |Div|_inf = 2.050878415538e-06 
      |Div|_2   = 5.302735930767e-06 
   Momentum: 
      |mRes|_2  = 3.797365621368e-07 
--------------------------------------------------------------------------
Actual time step : 0.00555 [ ] 
--------------------------------------------------------------------------
Saving output ... done (0.126598 sec)
--------------------------------------------------------------------------
=========================== SOLUTION IS DONE! ============================
--------------------------------------------------------------------------
Total solution time : 7.80033 (sec) 
--------------------------------------------------------------------------
