-------------------------------------------------------------------------- 
                   Lithosphere and Mantle Evolution Model                   
     Compiled: Date: Nov 20 2019 - Time: 18:12:09 	    
-------------------------------------------------------------------------- 
        STAGGERED-GRID FINITE DIFFERENCE CANONICAL IMPLEMENTATION           
-------------------------------------------------------------------------- 
Parsing input file : t13_Temperature_diffusion.dat 
   Adding PETSc option: -snes_npicard 2
   Adding PETSc option: -snes_monitor
   Adding PETSc option: -snes_max_it 1
   Adding PETSc option: -js_ksp_type fgmres
   Adding PETSc option: -js_ksp_max_it 30
   Adding PETSc option: -objects_dump
Finished parsing input file : t13_Temperature_diffusion.dat 
--------------------------------------------------------------------------
Scaling parameters:
   Temperature : 1. [C/K] 
   Length      : 1000. [m] 
   Viscosity   : 1e+18 [Pa*s] 
   Stress      : 1e+06 [Pa] 
--------------------------------------------------------------------------
Time stepping parameters:
   Simulation end time          : 20. [Myr] 
   Maximum number of steps      : 5 
   Time step                    : 0.1 [Myr] 
   Minimum time step            : 0.001 [Myr] 
   Maximum time step            : 100. [Myr] 
   Time step increase factor    : 0.1 
   CFL criterion                : 0.5 
   CFLMAX (fixed time steps)    : 0.5 
   Output time step             : 0.2 [Myr] 
   Output every [n] steps       : 5 
   Output [n] initial steps     : 1 
--------------------------------------------------------------------------
Material parameters: 
   Phase ID : 0
   (dens)   : rho = 3000. [kg/m^3]  
   (diff)   : eta = 1e+20 [Pa*s]  Bd = 5e-21 [1/Pa/s]  
   (temp)   : Cp = 1050. [J/kg/K]  k = 3. [W/m/k]  

--------------------------------------------------------------------------
Grid parameters:
   Total number of cpu                  : 1 
   Processor grid  [nx, ny, nz]         : [1, 1, 1]
   Fine grid cells [nx, ny, nz]         : [2, 2, 128]
   Number of cells                      :  512
   Number of faces                      :  2052
   Maximum cell aspect ratio            :  1.28000
   Lower coordinate bounds [bx, by, bz] : [0., 0., -50.]
   Upper coordinate bounds [ex, ey, ez] : [2., 2., 50.]
--------------------------------------------------------------------------
Boundary condition parameters: 
   No-slip boundary mask [lt rt ft bk bm tp]  : 0 0 0 0 0 0 
   Top boundary temperature                   : 150. [C] 
   Bottom boundary temperature                : 150. [C] 
--------------------------------------------------------------------------
Solution parameters & controls:
   Gravity [gx, gy, gz]                    : [0., 0., -1.] [m/s^2] 
   Surface stabilization (FSSA)            :  1. 
   Shear heating efficiency                :  1. 
   Activate temperature diffusion          @ 
   Compute initial guess                   @ 
   Use lithostatic pressure for creep      @ 
   Minimum viscosity                       : 1e+18 [Pa*s] 
   Maximum viscosity                       : 1e+20 [Pa*s] 
   Reference viscosity (initial guess)     : 1e+20 [Pa*s] 
   Ground water level type                 : none 
--------------------------------------------------------------------------
Advection parameters:
   Advection scheme              : Euler 1-st order (basic implementation)
   Marker setup scheme           : binary files (MATLAB)
   Velocity interpolation scheme : STAG (linear)
   Marker control type           : AVD for cells + corner insertion
   Markers per cell [nx, ny, nz] : [3, 3, 3] 
   Marker distribution type      : uniform
--------------------------------------------------------------------------
Loading markers in parallel from file(s) <./markers/mdb> ... done (0.0024581 sec)
--------------------------------------------------------------------------
Output parameters:
   Output file name                        : t13 
   Write .pvd file                         : yes 
   Phase                                   @ 
   Total effective viscosity               @ 
   Creep effective viscosity               @ 
   Viscoplastic viscosity                  @ 
   Velocity                                @ 
   Pressure                                @ 
   Temperature                             @ 
   Momentum residual                       @ 
   Continuity residual                     @ 
   energy residual                         @ 
--------------------------------------------------------------------------
Preconditioner parameters: 
   Matrix type                   : monolithic
   Preconditioner type           : user-defined
--------------------------------------------------------------------------
Solver parameters specified: 
   Outermost Krylov solver       : fgmres 
   Solver type                   : serial direct/lu 
   Solver package                : petsc 
--------------------------------------------------------------------------
============================== INITIAL GUESS =============================
--------------------------------------------------------------------------
  0 SNES Function norm 6.761656601751e+01 
  0 PICARD ||F||/||F0||=1.000000e+00 
  Linear js_ solve converged due to CONVERGED_RTOL iterations 2
  1 SNES Function norm 1.146066484222e-10 
--------------------------------------------------------------------------
SNES Convergence Reason : ||F|| < atol 
Number of iterations    : 1
SNES solution time      : 0.0126364 (sec)
--------------------------------------------------------------------------
Residual summary: 
   Continuity: 
      |Div|_inf = 1.563633810617e-13 
      |Div|_2   = 1.384689081844e-12 
   Momentum: 
      |mRes|_2  = 1.145982831404e-10 
   Energy: 
      |eRes|_2  = 2.879444646288e-04 
--------------------------------------------------------------------------
Saving output ... done (0.000998735 sec)
--------------------------------------------------------------------------
================================= STEP 1 =================================
--------------------------------------------------------------------------
Current time        : 0.00000 [Myr] 
Tentative time step : 0.10000 [Myr] 
--------------------------------------------------------------------------
  0 SNES Function norm 6.625550249658e-11 
  0 PICARD ||F||/||F0||=1.000000e+00 
  Linear js_ solve converged due to CONVERGED_RTOL iterations 2
  1 SNES Function norm 3.751068216586e-13 
--------------------------------------------------------------------------
SNES Convergence Reason : ||F|| < atol 
Number of iterations    : 1
SNES solution time      : 0.00713181 (sec)
--------------------------------------------------------------------------
Residual summary: 
   Continuity: 
      |Div|_inf = 3.154869347093e-26 
      |Div|_2   = 2.360270211454e-25 
   Momentum: 
      |mRes|_2  = 3.751068216586e-13 
   Energy: 
      |eRes|_2  = 2.879444646288e-04 
--------------------------------------------------------------------------
Actual time step : 0.11000 [Myr] 
--------------------------------------------------------------------------
Performing marker control (standard algorithm)
--------------------------------------------------------------------------
Saving output ... done (0.000961542 sec)
--------------------------------------------------------------------------
================================= STEP 2 =================================
--------------------------------------------------------------------------
Current time        : 0.11000 [Myr] 
Tentative time step : 0.11000 [Myr] 
--------------------------------------------------------------------------
  0 SNES Function norm 3.751068216586e-13 
  0 PICARD ||F||/||F0||=1.000000e+00 
  Linear js_ solve converged due to CONVERGED_RTOL iterations 2
  1 SNES Function norm 3.223617322344e-13 
--------------------------------------------------------------------------
SNES Convergence Reason : ||F|| < atol 
Number of iterations    : 1
SNES solution time      : 0.00709963 (sec)
--------------------------------------------------------------------------
Residual summary: 
   Continuity: 
      |Div|_inf = 2.760705019482e-29 
      |Div|_2   = 2.480704125899e-28 
   Momentum: 
      |mRes|_2  = 3.223617322344e-13 
   Energy: 
      |eRes|_2  = 1.594017578654e-04 
--------------------------------------------------------------------------
Actual time step : 0.12100 [Myr] 
--------------------------------------------------------------------------
Performing marker control (standard algorithm)
--------------------------------------------------------------------------
================================= STEP 3 =================================
--------------------------------------------------------------------------
Current time        : 0.23100 [Myr] 
Tentative time step : 0.12100 [Myr] 
--------------------------------------------------------------------------
  0 SNES Function norm 3.223617322344e-13 
  0 PICARD ||F||/||F0||=1.000000e+00 
  Linear js_ solve converged due to CONVERGED_RTOL iterations 2
  1 SNES Function norm 3.244294661534e-13 
--------------------------------------------------------------------------
SNES Convergence Reason : ||F|| < atol 
Number of iterations    : 1
SNES solution time      : 0.00702834 (sec)
--------------------------------------------------------------------------
Residual summary: 
   Continuity: 
      |Div|_inf = 1.375576203479e-29 
      |Div|_2   = 1.200670278110e-28 
   Momentum: 
      |mRes|_2  = 3.244294661534e-13 
   Energy: 
      |eRes|_2  = 3.591761964008e-04 
--------------------------------------------------------------------------
Actual time step : 0.13310 [Myr] 
--------------------------------------------------------------------------
Performing marker control (standard algorithm)
--------------------------------------------------------------------------
Saving output ... done (0.000972033 sec)
--------------------------------------------------------------------------
================================= STEP 4 =================================
--------------------------------------------------------------------------
Current time        : 0.36410 [Myr] 
Tentative time step : 0.13310 [Myr] 
--------------------------------------------------------------------------
  0 SNES Function norm 3.244294661534e-13 
  0 PICARD ||F||/||F0||=1.000000e+00 
  Linear js_ solve converged due to CONVERGED_RTOL iterations 2
  1 SNES Function norm 3.048926654680e-13 
--------------------------------------------------------------------------
SNES Convergence Reason : ||F|| < atol 
Number of iterations    : 1
SNES solution time      : 0.00705862 (sec)
--------------------------------------------------------------------------
Residual summary: 
   Continuity: 
      |Div|_inf = 1.813070449646e-30 
      |Div|_2   = 1.145990316999e-29 
   Momentum: 
      |mRes|_2  = 3.048926654680e-13 
   Energy: 
      |eRes|_2  = 3.509059870676e-04 
--------------------------------------------------------------------------
Actual time step : 0.14641 [Myr] 
--------------------------------------------------------------------------
Performing marker control (standard algorithm)
--------------------------------------------------------------------------
================================= STEP 5 =================================
--------------------------------------------------------------------------
Current time        : 0.51051 [Myr] 
Tentative time step : 0.14641 [Myr] 
--------------------------------------------------------------------------
  0 SNES Function norm 3.048926654680e-13 
  0 PICARD ||F||/||F0||=1.000000e+00 
  Linear js_ solve converged due to CONVERGED_RTOL iterations 2
  1 SNES Function norm 2.752837192947e-13 
--------------------------------------------------------------------------
SNES Convergence Reason : ||F|| < atol 
Number of iterations    : 1
SNES solution time      : 0.00705123 (sec)
--------------------------------------------------------------------------
Residual summary: 
   Continuity: 
      |Div|_inf = 9.757531470243e-30 
      |Div|_2   = 6.780825428552e-29 
   Momentum: 
      |mRes|_2  = 2.752837192947e-13 
   Energy: 
      |eRes|_2  = 3.390637941271e-04 
--------------------------------------------------------------------------
Actual time step : 0.16105 [Myr] 
--------------------------------------------------------------------------
Performing marker control (standard algorithm)
--------------------------------------------------------------------------
Saving output ... done (0.000972986 sec)
--------------------------------------------------------------------------
=========================== SOLUTION IS DONE! ============================
--------------------------------------------------------------------------
Total solution time : 0.116006 (sec) 
--------------------------------------------------------------------------
