-------------------------------------------------------------------------- 
                   Lithosphere and Mantle Evolution Model                   
     Compiled: Date: Oct 20 2020 - Time: 10:29:11 	    
-------------------------------------------------------------------------- 
        STAGGERED-GRID FINITE DIFFERENCE CANONICAL IMPLEMENTATION           
-------------------------------------------------------------------------- 
Parsing input file : ./t18_SimpleShear/SS.dat 
   Adding PETSc option: -snes_ksp_ew
   Adding PETSc option: -snes_monitor
   Adding PETSc option: -snes_atol 1e-7
   Adding PETSc option: -snes_rtol 1e-4
   Adding PETSc option: -snes_stol 1e-6
   Adding PETSc option: -snes_max_it 200
   Adding PETSc option: -snes_max_funcs 50000
   Adding PETSc option: -js_ksp_atol 1e-10
   Adding PETSc option: -js_ksp_rtol 1e-3
   Adding PETSc option: -js_ksp_max_it 100
   Adding PETSc option: -res_log
   Adding PETSc option: -snes_linesearch_max_it 50
   Adding PETSc option: -snes_linesearch_type l2
   Adding PETSc option: -snes_linesearch_maxstep 1.0
   Adding PETSc option: -snes_PicardSwitchToNewton_rtol 1e-1
   Adding PETSc option: -js_ksp_monitor
Finished parsing input file : ./t18_SimpleShear/SS.dat 
--------------------------------------------------------------------------
Scaling parameters:
   Temperature : 1. [C/K] 
   Length      : 100. [m] 
   Viscosity   : 1e+18 [Pa*s] 
   Stress      : 4e+07 [Pa] 
--------------------------------------------------------------------------
Time stepping parameters:
   Simulation end time          : 100. [Myr] 
   Maximum number of steps      : 3 
   Time step                    : 0.01 [Myr] 
   Minimum time step            : 0.002 [Myr] 
   Maximum time step            : 2. [Myr] 
   Time step increase factor    : 0.1 
   CFL criterion                : 0.5 
   CFLMAX (fixed time steps)    : 0.8 
   Output time step             : 0.1 [Myr] 
   Output every [n] steps       : 1 
   Output [n] initial steps     : 1 
--------------------------------------------------------------------------
--------------------------------------------------------------------------
Material parameters: 
--------------------------------------------------------------------------
   Phase ID : 0
   diffusion creep profile  : Plagioclase_RybackiDresen_2000
   dislocation creep profile: Plagioclase_RybackiDresen_2000
   (dens)   : rho = 3000. [kg/m^3]  
   (elast)  : G = 5e+10 [Pa]  Vs = 4082.48 [m/s]  
   (diff)   : Bd = 1.88835 [1/Pa/s]  Ed = 460000. [J/mol]  Vd = 2.4e-05 [m^3/mol]  
   (disl)   : Bn = 2.25536e-05 [1/Pa^n/s]  En = 641000. [J/mol]  Vn = 2.4e-05 [m^3/mol]  n = 3. [ ]  
   (plast)  : ch = 2e+07 [Pa]  fr = 20. [deg]  
   (temp)   : Cp = 1000. [J/kg/K]  k = 2.5 [W/m/k]  

   Phase ID : 1
   (dens)   : rho = 3000. [kg/m^3]  
   (elast)  : G = 5e+10 [Pa]  Vs = 4082.48 [m/s]  
   (diff)   : eta = 1e+20 [Pa*s]  Bd = 5e-21 [1/Pa/s]  
   (plast)  : ch = 2e+07 [Pa]  fr = 20. [deg]  
   (temp)   : Cp = 1000. [J/kg/K]  k = 2.5 [W/m/k]  

--------------------------------------------------------------------------
--------------------------------------------------------------------------
Grid parameters:
   Total number of cpu                  : 2 
   Processor grid  [nx, ny, nz]         : [1, 1, 2]
   Fine grid cells [nx, ny, nz]         : [8, 8, 8]
   Number of cells                      :  512
   Number of faces                      :  1728
   Maximum cell aspect ratio            :  1.00000
   Lower coordinate bounds [bx, by, bz] : [-10., -10., -40.]
   Upper coordinate bounds [ex, ey, ez] : [10., 10., -20.]
--------------------------------------------------------------------------
Boundary condition parameters: 
   No-slip boundary mask [lt rt ft bk bm tp]  : 0 0 0 0 0 0 
   Top boundary temperature                   : 650. [C] 
   Bottom boundary temperature                : 650. [C] 
--------------------------------------------------------------------------
 Warning: True pressure-dependent rheology requires open top boundary (Vd, Vn, Vp, fr, Kb, beta, p_litho_visc, p_litho_plast, open_top_bound)
Solution parameters & controls:
   Gravity [gx, gy, gz]                    : [0., 0., -10.] [m/s^2] 
   Surface stabilization (FSSA)            :  1. 
   Compute initial guess                   @ 
   Use lithostatic pressure for creep      @ 
   Limit pressure at first iteration       @ 
   Applying a pressure shift               : 1000. [MPa] 
   Minimum viscosity                       : 1e+19 [Pa*s] 
   Maximum viscosity                       : 1e+27 [Pa*s] 
   Reference viscosity (initial guess)     : 1e+20 [Pa*s] 
   Universal gas constant                  : 8.31446 [J/mol/K] 
   Ultimate yield stress                   : 1e+09 [Pa] 
   Maximum melt fraction (viscosity)       : 0.15    
   Rheology iteration number               : 25  
   Rheology iteration tolerance            : 1e-06    
   Ground water level type                 : none 
--------------------------------------------------------------------------
Advection parameters:
   Advection scheme              : Euler 1-st order (basic implementation)
   Marker setup scheme           : geometric primitives
   Velocity interpolation scheme : STAG (linear)
   Marker control type           : subgrid 
   Markers per cell [nx, ny, nz] : [3, 3, 3] 
   Marker distribution type      : uniform
   Background phase ID           : 0 
--------------------------------------------------------------------------
Reading geometric primitives ... done (0.000216007 sec)
--------------------------------------------------------------------------
Output parameters:
   Output file name                        : SS_test 
   Write .pvd file                         : yes 
   Phase                                   @ 
   Density                                 @ 
   Total effective viscosity               @ 
   Creep effective viscosity               @ 
   Velocity                                @ 
   Pressure                                @ 
   Total Pressure                          @ 
   Temperature                             @ 
   Deviatoric stress tensor                @ 
   Deviatoric stress second invariant      @ 
   Deviatoric strain rate tensor           @ 
   Deviatoric strain rate second invariant @ 
   Yield stress                            @ 
   Accumulated Plastic Strain (APS)        @ 
   Plastic dissipation                     @ 
   Total displacements                     @ 
   Momentum residual                       @ 
   Continuity residual                     @ 
--------------------------------------------------------------------------
AVD output parameters:
   Write .pvd file       : yes 
   AVD refinement factor : 3 
--------------------------------------------------------------------------
Preconditioner parameters: 
   Matrix type                   : monolithic
   Penalty parameter (pgamma)    : 1.000000e+04
   Preconditioner type           : user-defined
--------------------------------------------------------------------------
Solver parameters specified: 
   Outermost Krylov solver       : gmres 
   Solver type                   : parallel direct/lu 
   Solver package                : mumps 
--------------------------------------------------------------------------
============================== INITIAL GUESS =============================
--------------------------------------------------------------------------
  0 SNES Function norm 1.375128525710e+00 
  0 PICARD ||F||/||F0||=1.000000e+00 
    Residual norms for js_ solve.
    0 KSP Residual norm 9.716527084523e+01 
    1 KSP Residual norm 1.995203441017e-02 
  Linear js_ solve converged due to CONVERGED_RTOL iterations 1
  1 SNES Function norm 9.716519376766e-05 
--------------------------------------------------------------------------
SNES Convergence Reason : ||F|| < rtol*||F_initial|| 
Number of iterations    : 1
SNES solution time      : 0.070214 (sec)
--------------------------------------------------------------------------
Residual summary: 
   Continuity: 
      |Div|_inf = 6.560810988832e-06 
      |Div|_2   = 9.716519352510e-05 
   Momentum: 
      |mRes|_2  = 6.865582312596e-09 
--------------------------------------------------------------------------
Saving output ... done (0.0116429 sec)
--------------------------------------------------------------------------
================================= STEP 1 =================================
--------------------------------------------------------------------------
Current time        : 0.00000 [Myr] 
Tentative time step : 0.01000 [Myr] 
--------------------------------------------------------------------------
  0 SNES Function norm 1.969249169378e-01 
  0 PICARD ||F||/||F0||=1.000000e+00 
    Residual norms for js_ solve.
    0 KSP Residual norm 3.558811032641e+00 
    1 KSP Residual norm 1.569956421994e-03 
  Linear js_ solve converged due to CONVERGED_RTOL iterations 1
  1 SNES Function norm 3.910503796532e-02 
  1 PICARD ||F||/||F0||=1.985784e-01 
    Residual norms for js_ solve.
    0 KSP Residual norm 1.048838171231e+00 
    1 KSP Residual norm 2.573369956893e-04 
  Linear js_ solve converged due to CONVERGED_RTOL iterations 1
  2 SNES Function norm 1.105343761625e-02 
  2 MMFD   ||F||/||F0||=5.613021e-02 
    Residual norms for js_ solve.
    0 KSP Residual norm 2.542386888440e-01 
    1 KSP Residual norm 2.170342664141e-01 
    2 KSP Residual norm 1.275682748200e-01 
    3 KSP Residual norm 9.746014908741e-02 
    4 KSP Residual norm 9.731508113223e-02 
    5 KSP Residual norm 9.606037899254e-02 
    6 KSP Residual norm 7.378970431049e-02 
    7 KSP Residual norm 6.521552514258e-02 
    8 KSP Residual norm 5.849716690694e-02 
    9 KSP Residual norm 5.370119701041e-02 
   10 KSP Residual norm 4.987601243990e-02 
   11 KSP Residual norm 4.678281869566e-02 
   12 KSP Residual norm 4.419853243265e-02 
   13 KSP Residual norm 4.200089660586e-02 
   14 KSP Residual norm 4.010136170343e-02 
   15 KSP Residual norm 3.843827305603e-02 
   16 KSP Residual norm 3.696629319071e-02 
   17 KSP Residual norm 3.565142363795e-02 
   18 KSP Residual norm 3.446756712303e-02 
   19 KSP Residual norm 3.339431875949e-02 
   20 KSP Residual norm 3.241546257762e-02 
  Linear js_ solve converged due to CONVERGED_RTOL iterations 20
  3 SNES Function norm 1.437642617955e-01 
  3 MMFD   ||F||/||F0||=7.300461e-01 
    Residual norms for js_ solve.
    0 KSP Residual norm 4.767950468712e+00 
    1 KSP Residual norm 6.370128156365e-01 
  Linear js_ solve converged due to CONVERGED_RTOL iterations 1
  4 SNES Function norm 3.448212651304e-02 
  4 MMFD   ||F||/||F0||=1.751029e-01 
    Residual norms for js_ solve.
    0 KSP Residual norm 5.610649316716e-01 
    1 KSP Residual norm 2.353336214616e-01 
  Linear js_ solve converged due to CONVERGED_RTOL iterations 1
  5 SNES Function norm 1.639969344255e-02 
  5 MMFD   ||F||/||F0||=8.327892e-02 
    Residual norms for js_ solve.
    0 KSP Residual norm 2.449128897153e-01 
    1 KSP Residual norm 9.524290420276e-02 
  Linear js_ solve converged due to CONVERGED_RTOL iterations 1
  6 SNES Function norm 7.855452693046e-03 
  6 MMFD   ||F||/||F0||=3.989060e-02 
    Residual norms for js_ solve.
    0 KSP Residual norm 9.620878233393e-02 
    1 KSP Residual norm 6.042834686232e-02 
  Linear js_ solve converged due to CONVERGED_RTOL iterations 1
  7 SNES Function norm 4.718331516127e-03 
  7 MMFD   ||F||/||F0||=2.396005e-02 
    Residual norms for js_ solve.
    0 KSP Residual norm 6.039539265947e-02 
    1 KSP Residual norm 2.865716667195e-02 
  Linear js_ solve converged due to CONVERGED_RTOL iterations 1
  8 SNES Function norm 2.247180585858e-03 
  8 MMFD   ||F||/||F0||=1.141136e-02 
    Residual norms for js_ solve.
    0 KSP Residual norm 2.847553828241e-02 
    1 KSP Residual norm 1.782987376097e-02 
    2 KSP Residual norm 1.849317030567e-03 
  Linear js_ solve converged due to CONVERGED_RTOL iterations 2
  9 SNES Function norm 1.606819324522e-04 
  9 MMFD   ||F||/||F0||=8.159553e-04 
    Residual norms for js_ solve.
    0 KSP Residual norm 1.930074579190e-03 
    1 KSP Residual norm 9.165478159838e-04 
    2 KSP Residual norm 2.817059569669e-04 
  Linear js_ solve converged due to CONVERGED_RTOL iterations 2
 10 SNES Function norm 2.791960149285e-05 
 10 MMFD   ||F||/||F0||=1.417779e-04 
    Residual norms for js_ solve.
    0 KSP Residual norm 2.822035337806e-04 
    1 KSP Residual norm 1.347867749140e-04 
    2 KSP Residual norm 5.775824652561e-05 
    3 KSP Residual norm 2.168109436399e-05 
    4 KSP Residual norm 7.608318078233e-06 
  Linear js_ solve converged due to CONVERGED_RTOL iterations 4
 11 SNES Function norm 6.836016035182e-07 
--------------------------------------------------------------------------
SNES Convergence Reason : ||F|| < rtol*||F_initial|| 
Number of iterations    : 11
SNES solution time      : 1.32422 (sec)
--------------------------------------------------------------------------
Residual summary: 
   Continuity: 
      |Div|_inf = 1.515176969419e-12 
      |Div|_2   = 3.841579345732e-12 
   Momentum: 
      |mRes|_2  = 6.836016035074e-07 
--------------------------------------------------------------------------
Actual time step : 0.01000 [Myr] 
--------------------------------------------------------------------------
Performing marker control (subgrid algorithm)
Marker control [0]: (subgrid) cloned 0 markers and merged 0 markers in 2.7013e-04 s
--------------------------------------------------------------------------
Saving output ... done (0.00960803 sec)
--------------------------------------------------------------------------
================================= STEP 2 =================================
--------------------------------------------------------------------------
Current time        : 0.01000 [Myr] 
Tentative time step : 0.01100 [Myr] 
--------------------------------------------------------------------------
  0 SNES Function norm 1.837966319020e-01 
  0 PICARD ||F||/||F0||=1.000000e+00 
    Residual norms for js_ solve.
    0 KSP Residual norm 8.190655361736e+00 
    1 KSP Residual norm 1.455115133774e-03 
  Linear js_ solve converged due to CONVERGED_RTOL iterations 1
  1 SNES Function norm 8.775814242633e-02 
  1 PICARD ||F||/||F0||=4.774742e-01 
    Residual norms for js_ solve.
    0 KSP Residual norm 2.211117003403e+00 
    1 KSP Residual norm 5.680779487731e-04 
  Linear js_ solve converged due to CONVERGED_RTOL iterations 1
  2 SNES Function norm 3.600023981464e-02 
  2 PICARD ||F||/||F0||=1.958700e-01 
    Residual norms for js_ solve.
    0 KSP Residual norm 5.059118344799e-01 
    1 KSP Residual norm 1.360019585694e-04 
  Linear js_ solve converged due to CONVERGED_RTOL iterations 1
  3 SNES Function norm 1.859297299570e-02 
  3 PICARD ||F||/||F0||=1.011606e-01 
    Residual norms for js_ solve.
    0 KSP Residual norm 1.886499924808e-01 
    1 KSP Residual norm 5.918939095162e-05 
  Linear js_ solve converged due to CONVERGED_RTOL iterations 1
  4 SNES Function norm 9.219846547424e-03 
  4 MMFD   ||F||/||F0||=5.016331e-02 
    Residual norms for js_ solve.
    0 KSP Residual norm 8.846819751999e-02 
    1 KSP Residual norm 4.717585229609e-02 
    2 KSP Residual norm 2.112973424057e-02 
  Linear js_ solve converged due to CONVERGED_RTOL iterations 2
  5 SNES Function norm 1.730181582790e-03 
  5 MMFD   ||F||/||F0||=9.413565e-03 
    Residual norms for js_ solve.
    0 KSP Residual norm 2.046670300570e-02 
    1 KSP Residual norm 1.030140456231e-02 
    2 KSP Residual norm 3.469827971648e-03 
    3 KSP Residual norm 8.303947504049e-04 
  Linear js_ solve converged due to CONVERGED_RTOL iterations 3
  6 SNES Function norm 6.594407981095e-05 
  6 MMFD   ||F||/||F0||=3.587883e-04 
    Residual norms for js_ solve.
    0 KSP Residual norm 8.526254138080e-04 
    1 KSP Residual norm 2.940464747512e-04 
    2 KSP Residual norm 1.040303886862e-04 
    3 KSP Residual norm 5.272036879755e-05 
    4 KSP Residual norm 2.111894172618e-05 
    5 KSP Residual norm 5.485221128890e-06 
    6 KSP Residual norm 1.779648154962e-06 
  Linear js_ solve converged due to CONVERGED_RTOL iterations 6
  7 SNES Function norm 2.484809657975e-07 
--------------------------------------------------------------------------
SNES Convergence Reason : ||F|| < rtol*||F_initial|| 
Number of iterations    : 7
SNES solution time      : 0.671253 (sec)
--------------------------------------------------------------------------
Residual summary: 
   Continuity: 
      |Div|_inf = 2.266476445406e-13 
      |Div|_2   = 8.197380340402e-13 
   Momentum: 
      |mRes|_2  = 2.484809657962e-07 
--------------------------------------------------------------------------
Actual time step : 0.01100 [Myr] 
--------------------------------------------------------------------------
Performing marker control (subgrid algorithm)
Marker control [0]: (subgrid) cloned 0 markers and merged 0 markers in 2.7585e-04 s
--------------------------------------------------------------------------
Saving output ... done (0.00980592 sec)
--------------------------------------------------------------------------
================================= STEP 3 =================================
--------------------------------------------------------------------------
Current time        : 0.02100 [Myr] 
Tentative time step : 0.01210 [Myr] 
--------------------------------------------------------------------------
  0 SNES Function norm 1.989834194967e-01 
  0 PICARD ||F||/||F0||=1.000000e+00 
    Residual norms for js_ solve.
    0 KSP Residual norm 7.953140677320e+00 
    1 KSP Residual norm 8.474846684483e-04 
  Linear js_ solve converged due to CONVERGED_RTOL iterations 1
  1 SNES Function norm 7.162853217098e-02 
  1 PICARD ||F||/||F0||=3.599724e-01 
    Residual norms for js_ solve.
    0 KSP Residual norm 1.958552691788e+00 
    1 KSP Residual norm 5.448411595422e-04 
  Linear js_ solve converged due to CONVERGED_RTOL iterations 1
  2 SNES Function norm 3.063313620062e-02 
  2 PICARD ||F||/||F0||=1.539482e-01 
    Residual norms for js_ solve.
    0 KSP Residual norm 3.998456857199e-01 
    1 KSP Residual norm 1.077674477804e-04 
  Linear js_ solve converged due to CONVERGED_RTOL iterations 1
  3 SNES Function norm 1.367200774486e-02 
  3 MMFD   ||F||/||F0||=6.870928e-02 
    Residual norms for js_ solve.
    0 KSP Residual norm 1.732000540333e-01 
    1 KSP Residual norm 5.872179437666e-02 
    2 KSP Residual norm 2.025064234348e-02 
  Linear js_ solve converged due to CONVERGED_RTOL iterations 2
  4 SNES Function norm 2.297890114676e-03 
  4 MMFD   ||F||/||F0||=1.154815e-02 
    Residual norms for js_ solve.
    0 KSP Residual norm 2.131034003760e-02 
    1 KSP Residual norm 1.323964985855e-02 
    2 KSP Residual norm 5.820837134947e-03 
    3 KSP Residual norm 1.651029457026e-03 
  Linear js_ solve converged due to CONVERGED_RTOL iterations 3
  5 SNES Function norm 1.500461053971e-04 
  5 MMFD   ||F||/||F0||=7.540634e-04 
    Residual norms for js_ solve.
    0 KSP Residual norm 1.716363256719e-03 
    1 KSP Residual norm 6.132400664602e-04 
    2 KSP Residual norm 2.991985160305e-04 
    3 KSP Residual norm 1.279985741350e-04 
    4 KSP Residual norm 4.676343008746e-05 
    5 KSP Residual norm 1.127797569805e-05 
  Linear js_ solve converged due to CONVERGED_RTOL iterations 5
  6 SNES Function norm 1.430978998734e-06 
--------------------------------------------------------------------------
SNES Convergence Reason : ||F|| < rtol*||F_initial|| 
Number of iterations    : 6
SNES solution time      : 0.526938 (sec)
--------------------------------------------------------------------------
Residual summary: 
   Continuity: 
      |Div|_inf = 1.912356089422e-13 
      |Div|_2   = 8.868167102905e-13 
   Momentum: 
      |mRes|_2  = 1.430978998734e-06 
--------------------------------------------------------------------------
Actual time step : 0.01210 [Myr] 
--------------------------------------------------------------------------
Performing marker control (subgrid algorithm)
Marker control [0]: (subgrid) cloned 0 markers and merged 0 markers in 3.4404e-04 s
--------------------------------------------------------------------------
Saving output ... done (0.00953102 sec)
--------------------------------------------------------------------------
=========================== SOLUTION IS DONE! ============================
--------------------------------------------------------------------------
Total solution time : 2.6552 (sec) 
--------------------------------------------------------------------------
