-------------------------------------------------------------------------- 
                   Lithosphere and Mantle Evolution Model                   
     Compiled: Date: Oct 20 2020 - Time: 10:29:11 	    
-------------------------------------------------------------------------- 
        STAGGERED-GRID FINITE DIFFERENCE CANONICAL IMPLEMENTATION           
-------------------------------------------------------------------------- 
Parsing input file : ./t18_SimpleShear/SS.dat 
   Adding PETSc option: -snes_ksp_ew
   Adding PETSc option: -snes_monitor
   Adding PETSc option: -snes_atol 1e-7
   Adding PETSc option: -snes_rtol 1e-4
   Adding PETSc option: -snes_stol 1e-6
   Adding PETSc option: -snes_max_it 200
   Adding PETSc option: -snes_max_funcs 50000
   Adding PETSc option: -js_ksp_atol 1e-10
   Adding PETSc option: -js_ksp_rtol 1e-3
   Adding PETSc option: -js_ksp_max_it 100
   Adding PETSc option: -res_log
   Adding PETSc option: -snes_linesearch_max_it 50
   Adding PETSc option: -snes_linesearch_type l2
   Adding PETSc option: -snes_linesearch_maxstep 1.0
   Adding PETSc option: -snes_PicardSwitchToNewton_rtol 1e-1
   Adding PETSc option: -js_ksp_monitor
Finished parsing input file : ./t18_SimpleShear/SS.dat 
--------------------------------------------------------------------------
Scaling parameters:
   Temperature : 1. [C/K] 
   Length      : 100. [m] 
   Viscosity   : 1e+18 [Pa*s] 
   Stress      : 4e+07 [Pa] 
--------------------------------------------------------------------------
Time stepping parameters:
   Simulation end time          : 100. [Myr] 
   Maximum number of steps      : 3 
   Time step                    : 0.01 [Myr] 
   Minimum time step            : 0.002 [Myr] 
   Maximum time step            : 2. [Myr] 
   Time step increase factor    : 0.1 
   CFL criterion                : 0.5 
   CFLMAX (fixed time steps)    : 0.8 
   Output time step             : 0.1 [Myr] 
   Output every [n] steps       : 1 
   Output [n] initial steps     : 1 
--------------------------------------------------------------------------
--------------------------------------------------------------------------
Material parameters: 
--------------------------------------------------------------------------
   Phase ID : 0
   diffusion creep profile  : Plagioclase_RybackiDresen_2000
   dislocation creep profile: Plagioclase_RybackiDresen_2000
   (dens)   : rho = 3000. [kg/m^3]  
   (elast)  : G = 5e+10 [Pa]  Vs = 4082.48 [m/s]  
   (diff)   : Bd = 1.88835 [1/Pa/s]  Ed = 460000. [J/mol]  Vd = 2.4e-05 [m^3/mol]  
   (disl)   : Bn = 2.25536e-05 [1/Pa^n/s]  En = 641000. [J/mol]  Vn = 2.4e-05 [m^3/mol]  n = 3. [ ]  
   (plast)  : ch = 2e+07 [Pa]  fr = 20. [deg]  
   (temp)   : Cp = 1000. [J/kg/K]  k = 2.5 [W/m/k]  

   Phase ID : 1
   (dens)   : rho = 3000. [kg/m^3]  
   (elast)  : G = 5e+10 [Pa]  Vs = 4082.48 [m/s]  
   (diff)   : eta = 1e+20 [Pa*s]  Bd = 5e-21 [1/Pa/s]  
   (plast)  : ch = 2e+07 [Pa]  fr = 20. [deg]  
   (temp)   : Cp = 1000. [J/kg/K]  k = 2.5 [W/m/k]  

--------------------------------------------------------------------------
--------------------------------------------------------------------------
Grid parameters:
   Total number of cpu                  : 2 
   Processor grid  [nx, ny, nz]         : [1, 1, 2]
   Fine grid cells [nx, ny, nz]         : [8, 8, 8]
   Number of cells                      :  512
   Number of faces                      :  1728
   Maximum cell aspect ratio            :  1.00000
   Lower coordinate bounds [bx, by, bz] : [-10., -10., -40.]
   Upper coordinate bounds [ex, ey, ez] : [10., 10., -20.]
--------------------------------------------------------------------------
Boundary condition parameters: 
   No-slip boundary mask [lt rt ft bk bm tp]  : 0 0 0 0 0 0 
   Top boundary temperature                   : 650. [C] 
   Bottom boundary temperature                : 650. [C] 
--------------------------------------------------------------------------
 Warning: True pressure-dependent rheology requires open top boundary (Vd, Vn, Vp, fr, Kb, beta, p_litho_visc, p_litho_plast, open_top_bound)
Solution parameters & controls:
   Gravity [gx, gy, gz]                    : [0., 0., -10.] [m/s^2] 
   Surface stabilization (FSSA)            :  1. 
   Compute initial guess                   @ 
   Use lithostatic pressure for creep      @ 
   Limit pressure at first iteration       @ 
   Applying a pressure shift               : 1000. [MPa] 
   Minimum viscosity                       : 1e+19 [Pa*s] 
   Maximum viscosity                       : 1e+27 [Pa*s] 
   Reference viscosity (initial guess)     : 1e+20 [Pa*s] 
   Universal gas constant                  : 8.31446 [J/mol/K] 
   Ultimate yield stress                   : 1e+09 [Pa] 
   Maximum melt fraction (viscosity)       : 0.15    
   Rheology iteration number               : 25  
   Rheology iteration tolerance            : 1e-06    
   Ground water level type                 : none 
--------------------------------------------------------------------------
Advection parameters:
   Advection scheme              : Euler 1-st order (basic implementation)
   Marker setup scheme           : geometric primitives
   Velocity interpolation scheme : STAG (linear)
   Marker control type           : subgrid 
   Markers per cell [nx, ny, nz] : [3, 3, 3] 
   Marker distribution type      : uniform
   Background phase ID           : 0 
--------------------------------------------------------------------------
Reading geometric primitives ... done (0.000215054 sec)
--------------------------------------------------------------------------
Output parameters:
   Output file name                        : SS_test 
   Write .pvd file                         : yes 
   Phase                                   @ 
   Density                                 @ 
   Total effective viscosity               @ 
   Creep effective viscosity               @ 
   Velocity                                @ 
   Pressure                                @ 
   Total Pressure                          @ 
   Temperature                             @ 
   Deviatoric stress tensor                @ 
   Deviatoric stress second invariant      @ 
   Deviatoric strain rate tensor           @ 
   Deviatoric strain rate second invariant @ 
   Yield stress                            @ 
   Accumulated Plastic Strain (APS)        @ 
   Plastic dissipation                     @ 
   Total displacements                     @ 
   Momentum residual                       @ 
   Continuity residual                     @ 
--------------------------------------------------------------------------
AVD output parameters:
   Write .pvd file       : yes 
   AVD refinement factor : 3 
--------------------------------------------------------------------------
Preconditioner parameters: 
   Matrix type                   : monolithic
   Penalty parameter (pgamma)    : 1.000000e+04
   Preconditioner type           : user-defined
--------------------------------------------------------------------------
Solver parameters specified: 
   Outermost Krylov solver       : gmres 
   Solver type                   : parallel direct/lu 
   Solver package                : mumps 
--------------------------------------------------------------------------
============================== INITIAL GUESS =============================
--------------------------------------------------------------------------
  0 SNES Function norm 1.191409637549e+00 
  0 PICARD ||F||/||F0||=1.000000e+00 
    Residual norms for js_ solve.
    0 KSP Residual norm 9.711409016813e+01 
    1 KSP Residual norm 2.870490660704e-02 
  Linear js_ solve converged due to CONVERGED_RTOL iterations 1
  1 SNES Function norm 9.711393626549e-05 
--------------------------------------------------------------------------
SNES Convergence Reason : ||F|| < rtol*||F_initial|| 
Number of iterations    : 1
SNES solution time      : 0.070395 (sec)
--------------------------------------------------------------------------
Residual summary: 
   Continuity: 
      |Div|_inf = 6.559307037500e-06 
      |Div|_2   = 9.711393594287e-05 
   Momentum: 
      |mRes|_2  = 7.915893160759e-09 
--------------------------------------------------------------------------
Saving output ... done (0.010149 sec)
--------------------------------------------------------------------------
================================= STEP 1 =================================
--------------------------------------------------------------------------
Current time        : 0.00000 [Myr] 
Tentative time step : 0.01000 [Myr] 
--------------------------------------------------------------------------
  0 SNES Function norm 3.018217945324e-01 
  0 PICARD ||F||/||F0||=1.000000e+00 
    Residual norms for js_ solve.
    0 KSP Residual norm 6.167079971447e+00 
    1 KSP Residual norm 2.412104835224e-03 
  Linear js_ solve converged due to CONVERGED_RTOL iterations 1
  1 SNES Function norm 5.391197465723e-02 
  1 PICARD ||F||/||F0||=1.786219e-01 
    Residual norms for js_ solve.
    0 KSP Residual norm 1.238532609873e+00 
    1 KSP Residual norm 3.877403552178e-04 
  Linear js_ solve converged due to CONVERGED_RTOL iterations 1
  2 SNES Function norm 2.689860003025e-02 
  2 MMFD   ||F||/||F0||=8.912080e-02 
    Residual norms for js_ solve.
    0 KSP Residual norm 5.087380459517e-01 
    1 KSP Residual norm 4.534976880481e-01 
    2 KSP Residual norm 2.748886852044e-01 
    3 KSP Residual norm 2.541443574947e-01 
    4 KSP Residual norm 2.416377502037e-01 
    5 KSP Residual norm 1.516146388502e-01 
  Linear js_ solve converged due to CONVERGED_RTOL iterations 5
  3 SNES Function norm 2.323495474984e-01 
  3 MMFD   ||F||/||F0||=7.698236e-01 
    Residual norms for js_ solve.
    0 KSP Residual norm 8.204071507321e+00 
    1 KSP Residual norm 1.405054903441e+00 
  Linear js_ solve converged due to CONVERGED_RTOL iterations 1
  4 SNES Function norm 5.964978362878e-02 
  4 MMFD   ||F||/||F0||=1.976325e-01 
    Residual norms for js_ solve.
    0 KSP Residual norm 1.543309710001e+00 
    1 KSP Residual norm 2.395201422488e-01 
  Linear js_ solve converged due to CONVERGED_RTOL iterations 1
  5 SNES Function norm 1.568500632886e-02 
  5 MMFD   ||F||/||F0||=5.196777e-02 
    Residual norms for js_ solve.
    0 KSP Residual norm 2.229514788900e-01 
    1 KSP Residual norm 9.503052168108e-02 
  Linear js_ solve converged due to CONVERGED_RTOL iterations 1
  6 SNES Function norm 5.781936336029e-03 
  6 MMFD   ||F||/||F0||=1.915679e-02 
    Residual norms for js_ solve.
    0 KSP Residual norm 9.592315120238e-02 
    1 KSP Residual norm 3.540884315107e-02 
  Linear js_ solve converged due to CONVERGED_RTOL iterations 1
  7 SNES Function norm 2.654790555899e-03 
  7 MMFD   ||F||/||F0||=8.795888e-03 
    Residual norms for js_ solve.
    0 KSP Residual norm 3.525559668887e-02 
    1 KSP Residual norm 1.710855540400e-02 
  Linear js_ solve converged due to CONVERGED_RTOL iterations 1
  8 SNES Function norm 1.242008349287e-03 
  8 MMFD   ||F||/||F0||=4.115039e-03 
    Residual norms for js_ solve.
    0 KSP Residual norm 1.710289940417e-02 
    1 KSP Residual norm 7.538444898920e-03 
    2 KSP Residual norm 1.870608041320e-03 
  Linear js_ solve converged due to CONVERGED_RTOL iterations 2
  9 SNES Function norm 1.147748385776e-04 
  9 MMFD   ||F||/||F0||=3.802735e-04 
    Residual norms for js_ solve.
    0 KSP Residual norm 1.887016606718e-03 
    1 KSP Residual norm 6.232422580564e-04 
    2 KSP Residual norm 1.936474990289e-04 
  Linear js_ solve converged due to CONVERGED_RTOL iterations 2
 10 SNES Function norm 1.196800119359e-05 
--------------------------------------------------------------------------
SNES Convergence Reason : ||F|| < rtol*||F_initial|| 
Number of iterations    : 10
SNES solution time      : 0.812894 (sec)
--------------------------------------------------------------------------
Residual summary: 
   Continuity: 
      |Div|_inf = 3.267383120999e-11 
      |Div|_2   = 5.644864002947e-11 
   Momentum: 
      |mRes|_2  = 1.196800119346e-05 
--------------------------------------------------------------------------
Actual time step : 0.01000 [Myr] 
--------------------------------------------------------------------------
Performing marker control (subgrid algorithm)
Marker control [0]: (subgrid) cloned 0 markers and merged 0 markers in 4.7803e-04 s
--------------------------------------------------------------------------
Saving output ... done (0.0112131 sec)
--------------------------------------------------------------------------
================================= STEP 2 =================================
--------------------------------------------------------------------------
Current time        : 0.01000 [Myr] 
Tentative time step : 0.01100 [Myr] 
--------------------------------------------------------------------------
  0 SNES Function norm 2.367425036431e-01 
  0 PICARD ||F||/||F0||=1.000000e+00 
    Residual norms for js_ solve.
    0 KSP Residual norm 1.164628488823e+01 
    1 KSP Residual norm 1.253939672277e-03 
  Linear js_ solve converged due to CONVERGED_RTOL iterations 1
  1 SNES Function norm 1.073977197530e-01 
  1 PICARD ||F||/||F0||=4.536478e-01 
    Residual norms for js_ solve.
    0 KSP Residual norm 3.746988458129e+00 
    1 KSP Residual norm 1.235496666655e-03 
  Linear js_ solve converged due to CONVERGED_RTOL iterations 1
  2 SNES Function norm 4.813454703041e-02 
  2 PICARD ||F||/||F0||=2.033203e-01 
    Residual norms for js_ solve.
    0 KSP Residual norm 1.015282911372e+00 
    1 KSP Residual norm 2.524917912163e-04 
  Linear js_ solve converged due to CONVERGED_RTOL iterations 1
  3 SNES Function norm 2.011587310098e-02 
  3 MMFD   ||F||/||F0||=8.496942e-02 
    Residual norms for js_ solve.
    0 KSP Residual norm 3.828859792325e-01 
    1 KSP Residual norm 7.499306239349e-02 
  Linear js_ solve converged due to CONVERGED_RTOL iterations 1
  4 SNES Function norm 7.360118099695e-03 
  4 MMFD   ||F||/||F0||=3.108913e-02 
    Residual norms for js_ solve.
    0 KSP Residual norm 7.992411874467e-02 
    1 KSP Residual norm 2.948540487102e-02 
    2 KSP Residual norm 6.824960071057e-03 
  Linear js_ solve converged due to CONVERGED_RTOL iterations 2
  5 SNES Function norm 7.486485533153e-04 
  5 MMFD   ||F||/||F0||=3.162290e-03 
    Residual norms for js_ solve.
    0 KSP Residual norm 8.437957540019e-03 
    1 KSP Residual norm 3.071494205319e-03 
    2 KSP Residual norm 9.711511759507e-04 
    3 KSP Residual norm 2.950830737250e-04 
    4 KSP Residual norm 1.098760691311e-04 
  Linear js_ solve converged due to CONVERGED_RTOL iterations 4
  6 SNES Function norm 1.219613942606e-05 
--------------------------------------------------------------------------
SNES Convergence Reason : ||F|| < rtol*||F_initial|| 
Number of iterations    : 6
SNES solution time      : 0.606115 (sec)
--------------------------------------------------------------------------
Residual summary: 
   Continuity: 
      |Div|_inf = 4.452695399865e-12 
      |Div|_2   = 1.014061708467e-11 
   Momentum: 
      |mRes|_2  = 1.219613942605e-05 
--------------------------------------------------------------------------
Actual time step : 0.01100 [Myr] 
--------------------------------------------------------------------------
Performing marker control (subgrid algorithm)
Marker control [0]: (subgrid) cloned 0 markers and merged 0 markers in 3.2687e-04 s
--------------------------------------------------------------------------
Saving output ... done (0.0104849 sec)
--------------------------------------------------------------------------
================================= STEP 3 =================================
--------------------------------------------------------------------------
Current time        : 0.02100 [Myr] 
Tentative time step : 0.01210 [Myr] 
--------------------------------------------------------------------------
  0 SNES Function norm 1.206992395831e-01 
  0 PICARD ||F||/||F0||=1.000000e+00 
    Residual norms for js_ solve.
    0 KSP Residual norm 4.441301478214e+00 
    1 KSP Residual norm 7.916803157405e-04 
  Linear js_ solve converged due to CONVERGED_RTOL iterations 1
  1 SNES Function norm 4.525116885560e-02 
  1 PICARD ||F||/||F0||=3.749085e-01 
    Residual norms for js_ solve.
    0 KSP Residual norm 1.400216557149e+00 
    1 KSP Residual norm 4.472519102162e-04 
  Linear js_ solve converged due to CONVERGED_RTOL iterations 1
  2 SNES Function norm 2.179565694354e-02 
  2 PICARD ||F||/||F0||=1.805782e-01 
    Residual norms for js_ solve.
    0 KSP Residual norm 5.047838775604e-01 
    1 KSP Residual norm 1.047777641909e-04 
  Linear js_ solve converged due to CONVERGED_RTOL iterations 1
  3 SNES Function norm 1.245446929410e-02 
  3 PICARD ||F||/||F0||=1.031860e-01 
    Residual norms for js_ solve.
    0 KSP Residual norm 2.237640774841e-01 
    1 KSP Residual norm 6.065985006680e-05 
  Linear js_ solve converged due to CONVERGED_RTOL iterations 1
  4 SNES Function norm 8.067229432095e-03 
  4 MMFD   ||F||/||F0||=6.683745e-02 
    Residual norms for js_ solve.
    0 KSP Residual norm 1.158200614310e-01 
    1 KSP Residual norm 4.301248924802e-02 
  Linear js_ solve converged due to CONVERGED_RTOL iterations 1
  5 SNES Function norm 3.100910336570e-03 
  5 MMFD   ||F||/||F0||=2.569122e-02 
    Residual norms for js_ solve.
    0 KSP Residual norm 4.322067040536e-02 
    1 KSP Residual norm 2.386871967957e-02 
    2 KSP Residual norm 7.775992715696e-03 
  Linear js_ solve converged due to CONVERGED_RTOL iterations 2
  6 SNES Function norm 4.492510144652e-04 
  6 MMFD   ||F||/||F0||=3.722070e-03 
    Residual norms for js_ solve.
    0 KSP Residual norm 7.789594182446e-03 
    1 KSP Residual norm 2.896976517796e-03 
    2 KSP Residual norm 1.259364143946e-03 
    3 KSP Residual norm 2.146490832303e-04 
  Linear js_ solve converged due to CONVERGED_RTOL iterations 3
  7 SNES Function norm 1.750673257287e-05 
  7 MMFD   ||F||/||F0||=1.450443e-04 
    Residual norms for js_ solve.
    0 KSP Residual norm 2.143525377697e-04 
    1 KSP Residual norm 1.137310015732e-04 
    2 KSP Residual norm 6.311267665877e-05 
    3 KSP Residual norm 1.490990308407e-05 
    4 KSP Residual norm 4.281505238682e-06 
    5 KSP Residual norm 1.564541305432e-06 
    6 KSP Residual norm 6.310836709071e-07 
  Linear js_ solve converged due to CONVERGED_RTOL iterations 6
  8 SNES Function norm 5.926372577327e-08 
--------------------------------------------------------------------------
SNES Convergence Reason : ||F|| < atol 
Number of iterations    : 8
SNES solution time      : 0.673888 (sec)
--------------------------------------------------------------------------
Residual summary: 
   Continuity: 
      |Div|_inf = 9.865268222828e-15 
      |Div|_2   = 3.826874698008e-14 
   Momentum: 
      |mRes|_2  = 5.926372577326e-08 
--------------------------------------------------------------------------
Actual time step : 0.01210 [Myr] 
--------------------------------------------------------------------------
Performing marker control (subgrid algorithm)
Marker control [0]: (subgrid) cloned 0 markers and merged 0 markers in 3.4189e-04 s
--------------------------------------------------------------------------
Saving output ... done (0.00932002 sec)
--------------------------------------------------------------------------
=========================== SOLUTION IS DONE! ============================
--------------------------------------------------------------------------
Total solution time : 2.2295 (sec) 
--------------------------------------------------------------------------
